******************************************************************************
             TMS320C2000 Linker PC v15.12.3                    
******************************************************************************
>> Linked Thu Mar 09 15:48:09 2017

OUTPUT FILE NAME:   <TMS320C2802.out>
ENTRY POINT SYMBOL: "_c_int00"  address: 003f23f9


MEMORY CONFIGURATION

         name            origin    length      used     unused   attr    fill
----------------------  --------  ---------  --------  --------  ----  --------
PAGE 0:
  RAML0                 00008000   00001000  00000004  00000ffc  RWIX
  OTP                   003d7800   00000400  00000000  00000400  RWIX
  FLASHD                003f0000   00002000  00000004  00001ffc  RWIX
  FLASHC                003f2000   00002000  00000681  0000197f  RWIX
  FLASHA                003f6000   00001f80  0000011a  00001e66  RWIX
  CSM_RSVD              003f7f80   00000076  00000000  00000076  RWIX
  BEGIN                 003f7ff6   00000002  00000002  00000000  RWIX
  CSM_PWL               003f7ff8   00000008  00000000  00000008  RWIX
  ROM                   003ff000   00000fc0  00000000  00000fc0  RWIX
  RESET                 003fffc0   00000002  00000000  00000002  RWIX
  VECTORS               003fffc2   0000003e  00000000  0000003e  RWIX

PAGE 1:
  RAMM0                 00000000   00000400  00000300  00000100  RWIX
  BOOT_RSVD             00000400   00000080  00000000  00000080  RWIX
  RAMM1                 00000480   00000380  00000012  0000036e  RWIX
  DEV_EMU               00000880   00000180  000000d0  000000b0  RWIX
  FLASH_REGS            00000a80   00000060  00000008  00000058  RWIX
  CSM                   00000ae0   00000010  00000010  00000000  RWIX
  ADC_MIRROR            00000b00   00000010  00000010  00000000  RWIX
  CPU_TIMER0            00000c00   00000008  00000008  00000000  RWIX
  CPU_TIMER1            00000c08   00000008  00000008  00000000  RWIX
  CPU_TIMER2            00000c10   00000008  00000008  00000000  RWIX
  PIE_CTRL              00000ce0   00000020  0000001a  00000006  RWIX
  PIE_VECT              00000d00   00000100  00000100  00000000  RWIX
  ECANA                 00006000   00000040  00000034  0000000c  RWIX
  ECANA_LAM             00006040   00000040  00000040  00000000  RWIX
  ECANA_MOTS            00006080   00000040  00000040  00000000  RWIX
  ECANA_MOTO            000060c0   00000040  00000040  00000000  RWIX
  ECANA_MBOX            00006100   00000100  00000100  00000000  RWIX
  ECANB                 00006200   00000040  00000034  0000000c  RWIX
  ECANB_LAM             00006240   00000040  00000040  00000000  RWIX
  ECANB_MOTS            00006280   00000040  00000040  00000000  RWIX
  ECANB_MOTO            000062c0   00000040  00000040  00000000  RWIX
  ECANB_MBOX            00006300   00000100  00000100  00000000  RWIX
  EPWM1                 00006800   00000022  00000022  00000000  RWIX
  EPWM2                 00006840   00000022  00000022  00000000  RWIX
  EPWM3                 00006880   00000022  00000022  00000000  RWIX
  EPWM4                 000068c0   00000022  00000022  00000000  RWIX
  EPWM5                 00006900   00000022  00000022  00000000  RWIX
  EPWM6                 00006940   00000022  00000022  00000000  RWIX
  ECAP1                 00006a00   00000020  00000020  00000000  RWIX
  ECAP2                 00006a20   00000020  00000020  00000000  RWIX
  ECAP3                 00006a40   00000020  00000020  00000000  RWIX
  ECAP4                 00006a60   00000020  00000020  00000000  RWIX
  EQEP1                 00006b00   00000040  00000040  00000000  RWIX
  EQEP2                 00006b40   00000040  00000040  00000000  RWIX
  GPIOCTRL              00006f80   00000040  00000040  00000000  RWIX
  GPIODAT               00006fc0   00000020  00000020  00000000  RWIX
  GPIOINT               00006fe0   00000020  0000000a  00000016  RWIX
  SYSTEM                00007010   00000020  00000020  00000000  RWIX
  SPIA                  00007040   00000010  00000010  00000000  RWIX
  SCIA                  00007050   00000010  00000010  00000000  RWIX
  XINTRUPT              00007070   00000010  00000010  00000000  RWIX
  ADC                   00007100   00000020  0000001e  00000002  RWIX
  SPIB                  00007740   00000010  00000010  00000000  RWIX
  SCIB                  00007750   00000010  00000010  00000000  RWIX
  SPIC                  00007760   00000010  00000010  00000000  RWIX
  SPID                  00007780   00000010  00000010  00000000  RWIX
  I2CA                  00007900   00000040  00000022  0000001e  RWIX
  FLASHB                003f4000   00002000  00000000  00002000  RWIX
  CSM_PWL               003f7ff8   00000008  00000008  00000000  RWIX


SECTION ALLOCATION MAP

 output                                  attributes/
section   page    origin      length       input sections
--------  ----  ----------  ----------   ----------------
ramfuncs   0    003f0000    00000004     RUN ADDR = 00008000
                  003f0000    00000004     DSP280x_usDelay.obj (ramfuncs)

.text      0    003f2000    00000681     
                  003f2000    00000140     DSP280x_DefaultIsr.obj (.text:retain)
                  003f2140    000000c2     DSP280x_SysCtrl.obj (.text)
                  003f2202    000000a2     main.obj (.text)
                  003f22a4    00000083     rts2800_ml.lib : fs_div.obj (.text)
                  003f2327    00000078                    : fs_add.obj (.text)
                  003f239f    0000005a                    : fs_mpy.obj (.text)
                  003f23f9    00000054                    : boot.obj (.text)
                  003f244d    00000046     DSP280x_CpuTimers.obj (.text)
                  003f2493    00000046     rts2800_ml.lib : cpy_tbl.obj (.text)
                  003f24d9    0000003b     DSP280x_Adc.obj (.text)
                  003f2514    00000034     DSP280x_Gpio.obj (.text)
                  003f2548    00000029     rts2800_ml.lib : exit.obj (.text)
                  003f2571    00000029                    : fs_tol.obj (.text)
                  003f259a    00000028     DSP280x_PieCtrl.obj (.text)
                  003f25c2    00000022     rts2800_ml.lib : i_div.obj (.text)
                  003f25e4    00000020     DSP280x_PieVect.obj (.text)
                  003f2604    0000001a     rts2800_ml.lib : cpy_utils.obj (.text)
                  003f261e    00000019                    : args_main.obj (.text)
                  003f2637    00000017                    : fs_cmp.obj (.text)
                  003f264e    00000010                    : u_tofs.obj (.text)
                  003f265e    0000000f     main.obj (.text:retain)
                  003f266d    00000009     rts2800_ml.lib : _lock.obj (.text)
                  003f2676    00000008     DSP280x_CodeStartBranch.obj (.text)
                  003f267e    00000002     rts2800_ml.lib : pre_init.obj (.text)
                  003f2680    00000001                    : startup.obj (.text)

.econst    0    003f6000    00000100     
                  003f6000    00000100     DSP280x_PieVect.obj (.econst:_PieVectTableInit)

.cinit     0    003f6100    0000001a     
                  003f6100    0000000e     rts2800_ml.lib : exit.obj (.cinit)
                  003f610e    00000005                    : _lock.obj (.cinit:__lock)
                  003f6113    00000005                    : _lock.obj (.cinit:__unlock)
                  003f6118    00000002     --HOLE-- [fill = 0]

codestart 
*          0    003f7ff6    00000002     
                  003f7ff6    00000002     DSP280x_CodeStartBranch.obj (codestart)

.stack     1    00000000    00000300     UNINITIALIZED
                  00000000    00000300     --HOLE--

.ebss      1    00000480    00000012     UNINITIALIZED
                  00000480    00000008     DSP280x_CpuTimers.obj (.ebss)
                  00000488    00000006     rts2800_ml.lib : exit.obj (.ebss)
                  0000048e    00000002                    : _lock.obj (.ebss:__lock)
                  00000490    00000002                    : _lock.obj (.ebss:__unlock)

DevEmuRegsFile 
*          1    00000880    000000d0     UNINITIALIZED
                  00000880    000000d0     DSP280x_GlobalVariableDefs.obj (DevEmuRegsFile)

FlashRegsFile 
*          1    00000a80    00000008     UNINITIALIZED
                  00000a80    00000008     DSP280x_GlobalVariableDefs.obj (FlashRegsFile)

CsmRegsFile 
*          1    00000ae0    00000010     UNINITIALIZED
                  00000ae0    00000010     DSP280x_GlobalVariableDefs.obj (CsmRegsFile)

AdcMirrorFile 
*          1    00000b00    00000010     UNINITIALIZED
                  00000b00    00000010     DSP280x_GlobalVariableDefs.obj (AdcMirrorFile)

CpuTimer0RegsFile 
*          1    00000c00    00000008     UNINITIALIZED
                  00000c00    00000008     DSP280x_GlobalVariableDefs.obj (CpuTimer0RegsFile)

CpuTimer1RegsFile 
*          1    00000c08    00000008     UNINITIALIZED
                  00000c08    00000008     DSP280x_GlobalVariableDefs.obj (CpuTimer1RegsFile)

CpuTimer2RegsFile 
*          1    00000c10    00000008     UNINITIALIZED
                  00000c10    00000008     DSP280x_GlobalVariableDefs.obj (CpuTimer2RegsFile)

PieCtrlRegsFile 
*          1    00000ce0    0000001a     UNINITIALIZED
                  00000ce0    0000001a     DSP280x_GlobalVariableDefs.obj (PieCtrlRegsFile)

PieVectTableFile 
*          1    00000d00    00000100     UNINITIALIZED
                  00000d00    00000100     DSP280x_GlobalVariableDefs.obj (PieVectTableFile)

ECanaRegsFile 
*          1    00006000    00000034     UNINITIALIZED
                  00006000    00000034     DSP280x_GlobalVariableDefs.obj (ECanaRegsFile)

ECanaLAMRegsFile 
*          1    00006040    00000040     UNINITIALIZED
                  00006040    00000040     DSP280x_GlobalVariableDefs.obj (ECanaLAMRegsFile)

ECanaMOTSRegsFile 
*          1    00006080    00000040     UNINITIALIZED
                  00006080    00000040     DSP280x_GlobalVariableDefs.obj (ECanaMOTSRegsFile)

ECanaMOTORegsFile 
*          1    000060c0    00000040     UNINITIALIZED
                  000060c0    00000040     DSP280x_GlobalVariableDefs.obj (ECanaMOTORegsFile)

ECanaMboxesFile 
*          1    00006100    00000100     UNINITIALIZED
                  00006100    00000100     DSP280x_GlobalVariableDefs.obj (ECanaMboxesFile)

ECanbRegsFile 
*          1    00006200    00000034     UNINITIALIZED
                  00006200    00000034     DSP280x_GlobalVariableDefs.obj (ECanbRegsFile)

ECanbLAMRegsFile 
*          1    00006240    00000040     UNINITIALIZED
                  00006240    00000040     DSP280x_GlobalVariableDefs.obj (ECanbLAMRegsFile)

ECanbMOTSRegsFile 
*          1    00006280    00000040     UNINITIALIZED
                  00006280    00000040     DSP280x_GlobalVariableDefs.obj (ECanbMOTSRegsFile)

ECanbMOTORegsFile 
*          1    000062c0    00000040     UNINITIALIZED
                  000062c0    00000040     DSP280x_GlobalVariableDefs.obj (ECanbMOTORegsFile)

ECanbMboxesFile 
*          1    00006300    00000100     UNINITIALIZED
                  00006300    00000100     DSP280x_GlobalVariableDefs.obj (ECanbMboxesFile)

EPwm1RegsFile 
*          1    00006800    00000022     UNINITIALIZED
                  00006800    00000022     DSP280x_GlobalVariableDefs.obj (EPwm1RegsFile)

EPwm2RegsFile 
*          1    00006840    00000022     UNINITIALIZED
                  00006840    00000022     DSP280x_GlobalVariableDefs.obj (EPwm2RegsFile)

EPwm3RegsFile 
*          1    00006880    00000022     UNINITIALIZED
                  00006880    00000022     DSP280x_GlobalVariableDefs.obj (EPwm3RegsFile)

EPwm4RegsFile 
*          1    000068c0    00000022     UNINITIALIZED
                  000068c0    00000022     DSP280x_GlobalVariableDefs.obj (EPwm4RegsFile)

EPwm5RegsFile 
*          1    00006900    00000022     UNINITIALIZED
                  00006900    00000022     DSP280x_GlobalVariableDefs.obj (EPwm5RegsFile)

EPwm6RegsFile 
*          1    00006940    00000022     UNINITIALIZED
                  00006940    00000022     DSP280x_GlobalVariableDefs.obj (EPwm6RegsFile)

ECap1RegsFile 
*          1    00006a00    00000020     UNINITIALIZED
                  00006a00    00000020     DSP280x_GlobalVariableDefs.obj (ECap1RegsFile)

ECap2RegsFile 
*          1    00006a20    00000020     UNINITIALIZED
                  00006a20    00000020     DSP280x_GlobalVariableDefs.obj (ECap2RegsFile)

ECap3RegsFile 
*          1    00006a40    00000020     UNINITIALIZED
                  00006a40    00000020     DSP280x_GlobalVariableDefs.obj (ECap3RegsFile)

ECap4RegsFile 
*          1    00006a60    00000020     UNINITIALIZED
                  00006a60    00000020     DSP280x_GlobalVariableDefs.obj (ECap4RegsFile)

EQep1RegsFile 
*          1    00006b00    00000040     UNINITIALIZED
                  00006b00    00000040     DSP280x_GlobalVariableDefs.obj (EQep1RegsFile)

EQep2RegsFile 
*          1    00006b40    00000040     UNINITIALIZED
                  00006b40    00000040     DSP280x_GlobalVariableDefs.obj (EQep2RegsFile)

GpioCtrlRegsFile 
*          1    00006f80    00000040     UNINITIALIZED
                  00006f80    00000040     DSP280x_GlobalVariableDefs.obj (GpioCtrlRegsFile)

GpioDataRegsFile 
*          1    00006fc0    00000020     UNINITIALIZED
                  00006fc0    00000020     DSP280x_GlobalVariableDefs.obj (GpioDataRegsFile)

GpioIntRegsFile 
*          1    00006fe0    0000000a     UNINITIALIZED
                  00006fe0    0000000a     DSP280x_GlobalVariableDefs.obj (GpioIntRegsFile)

SysCtrlRegsFile 
*          1    00007010    00000020     UNINITIALIZED
                  00007010    00000020     DSP280x_GlobalVariableDefs.obj (SysCtrlRegsFile)

SpiaRegsFile 
*          1    00007040    00000010     UNINITIALIZED
                  00007040    00000010     DSP280x_GlobalVariableDefs.obj (SpiaRegsFile)

SciaRegsFile 
*          1    00007050    00000010     UNINITIALIZED
                  00007050    00000010     DSP280x_GlobalVariableDefs.obj (SciaRegsFile)

XIntruptRegsFile 
*          1    00007070    00000010     UNINITIALIZED
                  00007070    00000010     DSP280x_GlobalVariableDefs.obj (XIntruptRegsFile)

AdcRegsFile 
*          1    00007100    0000001e     UNINITIALIZED
                  00007100    0000001e     DSP280x_GlobalVariableDefs.obj (AdcRegsFile)

SpibRegsFile 
*          1    00007740    00000010     UNINITIALIZED
                  00007740    00000010     DSP280x_GlobalVariableDefs.obj (SpibRegsFile)

ScibRegsFile 
*          1    00007750    00000010     UNINITIALIZED
                  00007750    00000010     DSP280x_GlobalVariableDefs.obj (ScibRegsFile)

SpicRegsFile 
*          1    00007760    00000010     UNINITIALIZED
                  00007760    00000010     DSP280x_GlobalVariableDefs.obj (SpicRegsFile)

SpidRegsFile 
*          1    00007780    00000010     UNINITIALIZED
                  00007780    00000010     DSP280x_GlobalVariableDefs.obj (SpidRegsFile)

I2caRegsFile 
*          1    00007900    00000022     UNINITIALIZED
                  00007900    00000022     DSP280x_GlobalVariableDefs.obj (I2caRegsFile)

CsmPwlFile 
*          1    003f7ff8    00000008     UNINITIALIZED
                  003f7ff8    00000008     DSP280x_GlobalVariableDefs.obj (CsmPwlFile)

.pinit     0    003f6000    00000000     UNINITIALIZED

.reset     0    003fffc0    00000002     DSECT
                  003fffc0    00000002     rts2800_ml.lib : boot.obj (.reset)

vectors    0    003fffc2    00000000     DSECT

MODULE SUMMARY

       Module                           code   ro data   rw data
       ------                           ----   -------   -------
    .\SourceFile\
       DSP280x_GlobalVariableDefs.obj   0      0         2336   
       DSP280x_DefaultIsr.obj           320    0         0      
       DSP280x_PieVect.obj              32     0         256    
       DSP280x_SysCtrl.obj              194    0         0      
       main.obj                         177    0         0      
       DSP280x_CpuTimers.obj            70     0         8      
       DSP280x_Adc.obj                  59     0         0      
       DSP280x_Gpio.obj                 52     0         0      
       DSP280x_PieCtrl.obj              40     0         0      
       DSP280x_CodeStartBranch.obj      10     0         0      
       DSP280x_usDelay.obj              8      0         0      
    +--+--------------------------------+------+---------+---------+
       Total:                           962    0         2600   
                                                                
    C:\ti\ccsv6\tools\compiler\c2000_15.12.3.LTS\lib\rts2800_ml.lib
       fs_div.obj                       131    0         0      
       fs_add.obj                       120    0         0      
       fs_mpy.obj                       90     0         0      
       boot.obj                         84     0         0      
       cpy_tbl.obj                      70     0         0      
       exit.obj                         41     0         20     
       fs_tol.obj                       41     0         0      
       i_div.obj                        34     0         0      
       cpy_utils.obj                    26     0         0      
       args_main.obj                    25     0         0      
       _lock.obj                        9      0         14     
       fs_cmp.obj                       23     0         0      
       u_tofs.obj                       16     0         0      
       pre_init.obj                     2      0         0      
       startup.obj                      1      0         0      
    +--+--------------------------------+------+---------+---------+
       Total:                           713    0         34     
                                                                
       Stack:                           0      0         768    
    +--+--------------------------------+------+---------+---------+
       Grand Total:                     1675   0         3402   


GLOBAL DATA SYMBOLS: SORTED BY DATA PAGE

address     data page           name
--------    ----------------    ----
00000000       0 (00000000)     __stack

00000480      12 (00000480)     _CpuTimer0
00000488      12 (00000480)     ___TI_enable_exit_profile_output
0000048a      12 (00000480)     ___TI_cleanup_ptr
0000048c      12 (00000480)     ___TI_dtors_ptr
0000048e      12 (00000480)     __lock
00000490      12 (00000480)     __unlock

00000880      22 (00000880)     _DevEmuRegs

00000a80      2a (00000a80)     _FlashRegs

00000ae0      2b (00000ac0)     _CsmRegs

00000b00      2c (00000b00)     _AdcMirror

00000c00      30 (00000c00)     _CpuTimer0Regs
00000c08      30 (00000c00)     _CpuTimer1Regs
00000c10      30 (00000c00)     _CpuTimer2Regs

00000ce0      33 (00000cc0)     _PieCtrlRegs

00000d00      34 (00000d00)     _PieVectTable

00006000     180 (00006000)     _ECanaRegs

00006040     181 (00006040)     _ECanaLAMRegs

00006080     182 (00006080)     _ECanaMOTSRegs

000060c0     183 (000060c0)     _ECanaMOTORegs

00006100     184 (00006100)     _ECanaMboxes

00006200     188 (00006200)     _ECanbRegs

00006240     189 (00006240)     _ECanbLAMRegs

00006280     18a (00006280)     _ECanbMOTSRegs

000062c0     18b (000062c0)     _ECanbMOTORegs

00006300     18c (00006300)     _ECanbMboxes

00006800     1a0 (00006800)     _EPwm1Regs

00006840     1a1 (00006840)     _EPwm2Regs

00006880     1a2 (00006880)     _EPwm3Regs

000068c0     1a3 (000068c0)     _EPwm4Regs

00006900     1a4 (00006900)     _EPwm5Regs

00006940     1a5 (00006940)     _EPwm6Regs

00006a00     1a8 (00006a00)     _ECap1Regs
00006a20     1a8 (00006a00)     _ECap2Regs

00006a40     1a9 (00006a40)     _ECap3Regs
00006a60     1a9 (00006a40)     _ECap4Regs

00006b00     1ac (00006b00)     _EQep1Regs

00006b40     1ad (00006b40)     _EQep2Regs

00006f80     1be (00006f80)     _GpioCtrlRegs

00006fc0     1bf (00006fc0)     _GpioDataRegs
00006fe0     1bf (00006fc0)     _GpioIntRegs

00007010     1c0 (00007000)     _SysCtrlRegs

00007040     1c1 (00007040)     _SpiaRegs
00007050     1c1 (00007040)     _SciaRegs
00007070     1c1 (00007040)     _XIntruptRegs

00007100     1c4 (00007100)     _AdcRegs

00007740     1dd (00007740)     _SpibRegs
00007750     1dd (00007740)     _ScibRegs
00007760     1dd (00007740)     _SpicRegs

00007780     1de (00007780)     _SpidRegs

00007900     1e4 (00007900)     _I2caRegs

003f6000    fd80 (003f6000)     _PieVectTableInit

003f7ff8    fdff (003f7fc0)     _CsmPwl


GLOBAL SYMBOLS: SORTED ALPHABETICALLY BY Name 

page  address   name                            
----  -------   ----                            
0     003f2000  .text                           
0     003f2548  C$$EXIT                         
0     003f232c  FS$$ADD                         
0     003f2637  FS$$CMP                         
0     003f22a4  FS$$DIV                         
0     003f239f  FS$$MPY                         
0     003f2327  FS$$SUB                         
0     003f2571  FS$$TOL                         
0     003f25c2  I$$DIV                          
0     003f25d3  I$$MOD                          
0     003f264e  U$$TOFS                         
0     003f2073  _ADCINT_ISR                     
1     00000b00  _AdcMirror                      
1     00007100  _AdcRegs                        
0     003f2462  _ConfigCpuTimer                 
1     00000480  _CpuTimer0                      
1     00000c00  _CpuTimer0Regs                  
1     00000c08  _CpuTimer1Regs                  
1     00000c10  _CpuTimer2Regs                  
1     003f7ff8  _CsmPwl                         
1     00000ae0  _CsmRegs                        
0     003f200a  _DATALOG_ISR                    
0     00008000  _DSP28x_usDelay                 
1     00000880  _DevEmuRegs                     
0     003f2153  _DisableDog                     
0     003f211d  _ECAN0INTA_ISR                  
0     003f2127  _ECAN0INTB_ISR                  
0     003f2122  _ECAN1INTA_ISR                  
0     003f212c  _ECAN1INTB_ISR                  
0     003f20b9  _ECAP1_INT_ISR                  
0     003f20be  _ECAP2_INT_ISR                  
0     003f20c3  _ECAP3_INT_ISR                  
0     003f20c8  _ECAP4_INT_ISR                  
1     00006040  _ECanaLAMRegs                   
1     000060c0  _ECanaMOTORegs                  
1     00006080  _ECanaMOTSRegs                  
1     00006100  _ECanaMboxes                    
1     00006000  _ECanaRegs                      
1     00006240  _ECanbLAMRegs                   
1     000062c0  _ECanbMOTORegs                  
1     00006280  _ECanbMOTSRegs                  
1     00006300  _ECanbMboxes                    
1     00006200  _ECanbRegs                      
1     00006a00  _ECap1Regs                      
1     00006a20  _ECap2Regs                      
1     00006a40  _ECap3Regs                      
1     00006a60  _ECap4Regs                      
0     003f2131  _EMPTY_ISR                      
0     003f2014  _EMUINT_ISR                     
0     003f209b  _EPWM1_INT_ISR                  
0     003f207d  _EPWM1_TZINT_ISR                
0     003f20a0  _EPWM2_INT_ISR                  
0     003f2082  _EPWM2_TZINT_ISR                
0     003f20a5  _EPWM3_INT_ISR                  
0     003f2087  _EPWM3_TZINT_ISR                
0     003f20aa  _EPWM4_INT_ISR                  
0     003f208c  _EPWM4_TZINT_ISR                
0     003f20af  _EPWM5_INT_ISR                  
0     003f2091  _EPWM5_TZINT_ISR                
0     003f20b4  _EPWM6_INT_ISR                  
0     003f2096  _EPWM6_TZINT_ISR                
1     00006800  _EPwm1Regs                      
1     00006840  _EPwm2Regs                      
1     00006880  _EPwm3Regs                      
1     000068c0  _EPwm4Regs                      
1     00006900  _EPwm5Regs                      
1     00006940  _EPwm6Regs                      
0     003f20cd  _EQEP1_INT_ISR                  
0     003f20d2  _EQEP2_INT_ISR                  
1     00006b00  _EQep1Regs                      
1     00006b40  _EQep2Regs                      
0     003f25b9  _EnableInterrupts               
1     00000a80  _FlashRegs                      
1     00006f80  _GpioCtrlRegs                   
1     00006fc0  _GpioDataRegs                   
1     00006fe0  _GpioIntRegs                    
0     003f20ff  _I2CINT1A_ISR                   
0     003f2104  _I2CINT2A_ISR                   
1     00007900  _I2caRegs                       
0     003f201e  _ILLEGAL_ISR                    
0     003f2000  _INT13_ISR                      
0     003f2005  _INT14_ISR                      
0     003f24d9  _InitAdc                        
0     003f244d  _InitCpuTimers                  
0     003f2514  _InitGpio                       
0     003f2188  _InitPeripheralClocks           
0     003f259a  _InitPieCtrl                    
0     003f25e4  _InitPieVectTable               
0     003f215b  _InitPll                        
0     003f2140  _InitSysCtrl                    
0     003f2019  _NMI_ISR                        
0     003f2136  _PIE_RESERVED                   
1     00000ce0  _PieCtrlRegs                    
1     00000d00  _PieVectTable                   
0     003f6000  _PieVectTableInit               
0     003f200f  _RTOSINT_ISR                    
0     003f0004  _RamfuncsLoadEnd                
0     003f0000  _RamfuncsLoadStart              
0     00008000  _RamfuncsRunStart               
0     003f2109  _SCIRXINTA_ISR                  
0     003f2113  _SCIRXINTB_ISR                  
0     003f210e  _SCITXINTA_ISR                  
0     003f2118  _SCITXINTB_ISR                  
0     003f205f  _SEQ1INT_ISR                    
0     003f2064  _SEQ2INT_ISR                    
0     003f20d7  _SPIRXINTA_ISR                  
0     003f20e1  _SPIRXINTB_ISR                  
0     003f20eb  _SPIRXINTC_ISR                  
0     003f20f5  _SPIRXINTD_ISR                  
0     003f20dc  _SPITXINTA_ISR                  
0     003f20e6  _SPITXINTB_ISR                  
0     003f20f0  _SPITXINTC_ISR                  
0     003f20fa  _SPITXINTD_ISR                  
1     00007050  _SciaRegs                       
1     00007750  _ScibRegs                       
0     003f2149  _ServiceDog                     
1     00007040  _SpiaRegs                       
1     00007740  _SpibRegs                       
1     00007760  _SpicRegs                       
1     00007780  _SpidRegs                       
1     00007010  _SysCtrlRegs                    
0     003f265e  _TINT0_ISR                      
0     003f2050  _USER10_ISR                     
0     003f2055  _USER11_ISR                     
0     003f205a  _USER12_ISR                     
0     003f2023  _USER1_ISR                      
0     003f2028  _USER2_ISR                      
0     003f202d  _USER3_ISR                      
0     003f2032  _USER4_ISR                      
0     003f2037  _USER5_ISR                      
0     003f203c  _USER6_ISR                      
0     003f2041  _USER7_ISR                      
0     003f2046  _USER8_ISR                      
0     003f204b  _USER9_ISR                      
0     003f2078  _WAKEINT_ISR                    
0     003f2069  _XINT1_ISR                      
0     003f206e  _XINT2_ISR                      
1     00007070  _XIntruptRegs                   
1     00000300  __STACK_END                     
abs   00000300  __STACK_SIZE                    
1     0000048a  ___TI_cleanup_ptr               
1     0000048c  ___TI_dtors_ptr                 
1     00000488  ___TI_enable_exit_profile_output
abs   ffffffff  ___TI_pprof_out_hndl            
abs   ffffffff  ___TI_prof_data_size            
abs   ffffffff  ___TI_prof_data_start           
abs   ffffffff  ___binit__                      
abs   ffffffff  ___c_args__                     
0     003f6100  ___cinit__                      
0     003f2681  ___etext__                      
abs   ffffffff  ___pinit__                      
0     003f2000  ___text__                       
0     003f261e  __args_main                     
1     0000048e  __lock                          
0     003f2675  __nop                           
0     003f2671  __register_lock                 
0     003f266d  __register_unlock               
1     00000000  __stack                         
0     003f2680  __system_post_cinit             
0     003f267e  __system_pre_init               
1     00000490  __unlock                        
0     003f2548  _abort                          
0     003f23f9  _c_int00                        
0     003f2493  _copy_in                        
0     003f2604  _ddcopy                         
0     003f228c  _delay                          
0     003f2604  _dpcopy                         
0     003f254a  _exit                           
0     003f2202  _main                           
0     003f2604  _pdcopy                         
0     003f2604  _ppcopy                         
0     003f213b  _rsvd_ISR                       
abs   ffffffff  binit                           
0     003f6100  cinit                           
0     003f2681  etext                           
abs   ffffffff  pinit                           


GLOBAL SYMBOLS: SORTED BY Symbol Address 

page  address   name                            
----  -------   ----                            
0     00008000  _DSP28x_usDelay                 
0     00008000  _RamfuncsRunStart               
0     003f0000  _RamfuncsLoadStart              
0     003f0004  _RamfuncsLoadEnd                
0     003f2000  .text                           
0     003f2000  _INT13_ISR                      
0     003f2000  ___text__                       
0     003f2005  _INT14_ISR                      
0     003f200a  _DATALOG_ISR                    
0     003f200f  _RTOSINT_ISR                    
0     003f2014  _EMUINT_ISR                     
0     003f2019  _NMI_ISR                        
0     003f201e  _ILLEGAL_ISR                    
0     003f2023  _USER1_ISR                      
0     003f2028  _USER2_ISR                      
0     003f202d  _USER3_ISR                      
0     003f2032  _USER4_ISR                      
0     003f2037  _USER5_ISR                      
0     003f203c  _USER6_ISR                      
0     003f2041  _USER7_ISR                      
0     003f2046  _USER8_ISR                      
0     003f204b  _USER9_ISR                      
0     003f2050  _USER10_ISR                     
0     003f2055  _USER11_ISR                     
0     003f205a  _USER12_ISR                     
0     003f205f  _SEQ1INT_ISR                    
0     003f2064  _SEQ2INT_ISR                    
0     003f2069  _XINT1_ISR                      
0     003f206e  _XINT2_ISR                      
0     003f2073  _ADCINT_ISR                     
0     003f2078  _WAKEINT_ISR                    
0     003f207d  _EPWM1_TZINT_ISR                
0     003f2082  _EPWM2_TZINT_ISR                
0     003f2087  _EPWM3_TZINT_ISR                
0     003f208c  _EPWM4_TZINT_ISR                
0     003f2091  _EPWM5_TZINT_ISR                
0     003f2096  _EPWM6_TZINT_ISR                
0     003f209b  _EPWM1_INT_ISR                  
0     003f20a0  _EPWM2_INT_ISR                  
0     003f20a5  _EPWM3_INT_ISR                  
0     003f20aa  _EPWM4_INT_ISR                  
0     003f20af  _EPWM5_INT_ISR                  
0     003f20b4  _EPWM6_INT_ISR                  
0     003f20b9  _ECAP1_INT_ISR                  
0     003f20be  _ECAP2_INT_ISR                  
0     003f20c3  _ECAP3_INT_ISR                  
0     003f20c8  _ECAP4_INT_ISR                  
0     003f20cd  _EQEP1_INT_ISR                  
0     003f20d2  _EQEP2_INT_ISR                  
0     003f20d7  _SPIRXINTA_ISR                  
0     003f20dc  _SPITXINTA_ISR                  
0     003f20e1  _SPIRXINTB_ISR                  
0     003f20e6  _SPITXINTB_ISR                  
0     003f20eb  _SPIRXINTC_ISR                  
0     003f20f0  _SPITXINTC_ISR                  
0     003f20f5  _SPIRXINTD_ISR                  
0     003f20fa  _SPITXINTD_ISR                  
0     003f20ff  _I2CINT1A_ISR                   
0     003f2104  _I2CINT2A_ISR                   
0     003f2109  _SCIRXINTA_ISR                  
0     003f210e  _SCITXINTA_ISR                  
0     003f2113  _SCIRXINTB_ISR                  
0     003f2118  _SCITXINTB_ISR                  
0     003f211d  _ECAN0INTA_ISR                  
0     003f2122  _ECAN1INTA_ISR                  
0     003f2127  _ECAN0INTB_ISR                  
0     003f212c  _ECAN1INTB_ISR                  
0     003f2131  _EMPTY_ISR                      
0     003f2136  _PIE_RESERVED                   
0     003f213b  _rsvd_ISR                       
0     003f2140  _InitSysCtrl                    
0     003f2149  _ServiceDog                     
0     003f2153  _DisableDog                     
0     003f215b  _InitPll                        
0     003f2188  _InitPeripheralClocks           
0     003f2202  _main                           
0     003f228c  _delay                          
0     003f22a4  FS$$DIV                         
0     003f2327  FS$$SUB                         
0     003f232c  FS$$ADD                         
0     003f239f  FS$$MPY                         
0     003f23f9  _c_int00                        
0     003f244d  _InitCpuTimers                  
0     003f2462  _ConfigCpuTimer                 
0     003f2493  _copy_in                        
0     003f24d9  _InitAdc                        
0     003f2514  _InitGpio                       
0     003f2548  C$$EXIT                         
0     003f2548  _abort                          
0     003f254a  _exit                           
0     003f2571  FS$$TOL                         
0     003f259a  _InitPieCtrl                    
0     003f25b9  _EnableInterrupts               
0     003f25c2  I$$DIV                          
0     003f25d3  I$$MOD                          
0     003f25e4  _InitPieVectTable               
0     003f2604  _ddcopy                         
0     003f2604  _dpcopy                         
0     003f2604  _pdcopy                         
0     003f2604  _ppcopy                         
0     003f261e  __args_main                     
0     003f2637  FS$$CMP                         
0     003f264e  U$$TOFS                         
0     003f265e  _TINT0_ISR                      
0     003f266d  __register_unlock               
0     003f2671  __register_lock                 
0     003f2675  __nop                           
0     003f267e  __system_pre_init               
0     003f2680  __system_post_cinit             
0     003f2681  ___etext__                      
0     003f2681  etext                           
0     003f6000  _PieVectTableInit               
0     003f6100  ___cinit__                      
0     003f6100  cinit                           
1     00000000  __stack                         
1     00000300  __STACK_END                     
1     00000480  _CpuTimer0                      
1     00000488  ___TI_enable_exit_profile_output
1     0000048a  ___TI_cleanup_ptr               
1     0000048c  ___TI_dtors_ptr                 
1     0000048e  __lock                          
1     00000490  __unlock                        
1     00000880  _DevEmuRegs                     
1     00000a80  _FlashRegs                      
1     00000ae0  _CsmRegs                        
1     00000b00  _AdcMirror                      
1     00000c00  _CpuTimer0Regs                  
1     00000c08  _CpuTimer1Regs                  
1     00000c10  _CpuTimer2Regs                  
1     00000ce0  _PieCtrlRegs                    
1     00000d00  _PieVectTable                   
1     00006000  _ECanaRegs                      
1     00006040  _ECanaLAMRegs                   
1     00006080  _ECanaMOTSRegs                  
1     000060c0  _ECanaMOTORegs                  
1     00006100  _ECanaMboxes                    
1     00006200  _ECanbRegs                      
1     00006240  _ECanbLAMRegs                   
1     00006280  _ECanbMOTSRegs                  
1     000062c0  _ECanbMOTORegs                  
1     00006300  _ECanbMboxes                    
1     00006800  _EPwm1Regs                      
1     00006840  _EPwm2Regs                      
1     00006880  _EPwm3Regs                      
1     000068c0  _EPwm4Regs                      
1     00006900  _EPwm5Regs                      
1     00006940  _EPwm6Regs                      
1     00006a00  _ECap1Regs                      
1     00006a20  _ECap2Regs                      
1     00006a40  _ECap3Regs                      
1     00006a60  _ECap4Regs                      
1     00006b00  _EQep1Regs                      
1     00006b40  _EQep2Regs                      
1     00006f80  _GpioCtrlRegs                   
1     00006fc0  _GpioDataRegs                   
1     00006fe0  _GpioIntRegs                    
1     00007010  _SysCtrlRegs                    
1     00007040  _SpiaRegs                       
1     00007050  _SciaRegs                       
1     00007070  _XIntruptRegs                   
1     00007100  _AdcRegs                        
1     00007740  _SpibRegs                       
1     00007750  _ScibRegs                       
1     00007760  _SpicRegs                       
1     00007780  _SpidRegs                       
1     00007900  _I2caRegs                       
1     003f7ff8  _CsmPwl                         
abs   00000300  __STACK_SIZE                    
abs   ffffffff  ___TI_pprof_out_hndl            
abs   ffffffff  ___TI_prof_data_size            
abs   ffffffff  ___TI_prof_data_start           
abs   ffffffff  ___binit__                      
abs   ffffffff  ___c_args__                     
abs   ffffffff  ___pinit__                      
abs   ffffffff  binit                           
abs   ffffffff  pinit                           

[176 symbols]
